MATCHED (47):
0000_rect_solid_r0_red.bmp
0001_rect_solid_r0_green.bmp
0002_rect_solid_r0_blue.bmp
0003_rect_solid_r0_yellow.bmp
0004_rect_solid_r5_red.bmp
0005_rect_solid_r5_green.bmp
0006_rect_solid_r5_blue.bmp
0007_rect_solid_r5_yellow.bmp
0008_rect_solid_r10_red.bmp
0009_rect_solid_r10_green.bmp
0010_rect_solid_r10_blue.bmp
0011_rect_solid_r10_yellow.bmp
0012_rect_solid_r20_red.bmp
0013_rect_solid_r20_green.bmp
0014_rect_solid_r20_blue.bmp
0015_rect_solid_r20_yellow.bmp
0016_rect_solid_rcircle_red.bmp
0017_rect_solid_rcircle_green.bmp
0018_rect_solid_rcircle_blue.bmp
0019_rect_solid_rcircle_yellow.bmp
0020_rect_grad_hor_r0.bmp
0021_rect_grad_hor_r5.bmp
0022_rect_grad_hor_r10.bmp
0023_rect_grad_ver_r0.bmp
0024_rect_grad_ver_r5.bmp
0025_rect_grad_ver_r10.bmp
0026_rect_grad_radial_r0.bmp
0027_rect_grad_radial_r5.bmp
0028_rect_grad_radial_r10.bmp
0029_rect_grad_conical_r0.bmp
0030_rect_grad_conical_r5.bmp
0031_rect_grad_conical_r10.bmp
0060_rect_opa100.bmp
0061_rect_opa70.bmp
0062_rect_opa50.bmp
0063_rect_opa30.bmp
0097_line_hor_w1.bmp
0098_line_hor_w3.bmp
0099_line_hor_w6.bmp
0100_line_hor_w10.bmp
0101_line_ver_w1.bmp
0102_line_ver_w3.bmp
0103_line_ver_w6.bmp
0104_line_ver_w10.bmp
0117_line_opa100.bmp
0118_line_opa70.bmp
0119_line_opa40.bmp

FAILED (130):
0032_rect_border_w1_full.bmp
0033_rect_border_w1_topbottom.bmp
0034_rect_border_w1_leftright.bmp
0035_rect_border_w1_top.bmp
0036_rect_border_w3_full.bmp
0037_rect_border_w3_topbottom.bmp
0038_rect_border_w3_leftright.bmp
0039_rect_border_w3_top.bmp
0040_rect_border_w6_full.bmp
0041_rect_border_w6_topbottom.bmp
0042_rect_border_w6_leftright.bmp
0043_rect_border_w6_top.bmp
0044_rect_border_w10_full.bmp
0045_rect_border_w10_topbottom.bmp
0046_rect_border_w10_leftright.bmp
0047_rect_border_w10_top.bmp
0048_rect_shadow_w2_off2_spr0_square.bmp
0049_rect_shadow_w2_off2_spr0_rounded.bmp
0050_rect_shadow_w5_off5_spr0_square.bmp
0051_rect_shadow_w5_off5_spr0_rounded.bmp
0052_rect_shadow_w8_off0_spr4_square.bmp
0053_rect_shadow_w8_off0_spr4_rounded.bmp
0054_rect_shadow_w3_off3_spr6_square.bmp
0055_rect_shadow_w3_off3_spr6_rounded.bmp
0056_rect_outline_w2_pad2.bmp
0057_rect_outline_w4_pad4.bmp
0058_rect_outline_w6_pad1.bmp
0059_rect_outline_w3_pad8.bmp
0064_tri_up_red.bmp
0065_tri_up_green.bmp
0066_tri_up_blue.bmp
0067_tri_up_yellow.bmp
0068_tri_down_red.bmp
0069_tri_down_green.bmp
0070_tri_down_blue.bmp
0071_tri_down_yellow.bmp
0072_tri_left_red.bmp
0073_tri_left_green.bmp
0074_tri_left_blue.bmp
0075_tri_left_yellow.bmp
0076_tri_right_red.bmp
0077_tri_right_green.bmp
0078_tri_right_blue.bmp
0079_tri_right_yellow.bmp
0080_tri_equi_red.bmp
0081_tri_equi_green.bmp
0082_tri_equi_blue.bmp
0083_tri_equi_yellow.bmp
0084_tri_rightangle_red.bmp
0085_tri_rightangle_green.bmp
0086_tri_rightangle_blue.bmp
0087_tri_rightangle_yellow.bmp
0088_tri_grad_hor_up.bmp
0089_tri_grad_hor_down.bmp
0090_tri_grad_hor_left.bmp
0091_tri_grad_ver_up.bmp
0092_tri_grad_ver_down.bmp
0093_tri_grad_ver_left.bmp
0094_tri_opa100.bmp
0095_tri_opa70.bmp
0096_tri_opa40.bmp
0105_line_diag_w1.bmp
0106_line_diag_w3.bmp
0107_line_diag_w6.bmp
0108_line_diag_w10.bmp
0109_line_dash_w5_g3.bmp
0110_line_dash_w10_g5.bmp
0111_line_dash_w2_g2.bmp
0112_line_dash_w8_g2.bmp
0113_line_cap_none.bmp
0114_line_cap_start.bmp
0115_line_cap_end.bmp
0116_line_cap_both.bmp
0120_arc_quarter_w3_a0.bmp
0121_arc_quarter_w3_a90.bmp
0122_arc_quarter_w3_a180.bmp
0123_arc_quarter_w3_a270.bmp
0124_arc_quarter_w8_a0.bmp
0125_arc_quarter_w8_a90.bmp
0126_arc_quarter_w8_a180.bmp
0127_arc_quarter_w8_a270.bmp
0128_arc_quarter_w15_a0.bmp
0129_arc_quarter_w15_a90.bmp
0130_arc_quarter_w15_a180.bmp
0131_arc_quarter_w15_a270.bmp
0132_arc_span45.bmp
0133_arc_span90.bmp
0134_arc_span180.bmp
0135_arc_span270.bmp
0136_arc_rounded_w3.bmp
0137_arc_rounded_w8.bmp
0138_arc_rounded_w15.bmp
0139_arc_opa100.bmp
0140_arc_opa70.bmp
0141_arc_opa40.bmp
0142_arc_color_red.bmp
0143_arc_color_green.bmp
0144_arc_color_blue.bmp
0145_arc_color_yellow.bmp
0146_label_text_A.bmp
0147_label_text_AB.bmp
0148_label_text_ABC.bmp
0149_label_text_Text.bmp
0150_label_text_123.bmp
0151_label_text_sym.bmp
0152_label_decor_none.bmp
0153_label_decor_underline.bmp
0154_label_decor_strike.bmp
0155_label_spacing0.bmp
0156_label_spacing5.bmp
0157_label_spacing10.bmp
0158_label_opa100.bmp
0159_label_opa70.bmp
0160_label_opa40.bmp
0161_label_color_red.bmp
0162_label_color_green.bmp
0163_label_color_blue.bmp
0164_label_color_orange.bmp
0165_blur_r2_square.bmp
0166_blur_r2_r10.bmp
0167_blur_r2_r20.bmp
0168_blur_r5_square.bmp
0169_blur_r5_r10.bmp
0170_blur_r5_r20.bmp
0171_blur_r10_square.bmp
0172_blur_r10_r10.bmp
0173_blur_r10_r20.bmp
0174_blur_r15_square.bmp
0175_blur_r15_r10.bmp
0176_blur_r15_r20.bmp

Summary: 47 matched, 130 failed out of 177 total

Cleaning up sprites directory...
Sprites directory cleared.
